---
source: src/htpasswd.rs
expression: htpasswd
---
path = ''
[credentials.Administrator]
name = 'Administrator'
hash = '[hash]'

[credentials.backup-user]
name = 'backup-user'
hash = '[hash]'
